// Jest Snapshot v1, https://goo.gl/fbAQLP

exports[`CloseButton render normally 1`] = `
<div
  className="close-container"
  onClick={[MockFunction]}
>
  <div
    className="leftright"
  />
  <div
    className="rightleft"
  />
</div>
`;
