// Jest Snapshot v1, https://goo.gl/fbAQLP

exports[`Field.js Functionality Test render normally 1`] = `
<div
  className="Field"
>
  <h2>
    TestTitle
  </h2>
  <div>
    FieldList
  </div>
</div>
`;
